[2m4:57:56 am[22m [31m[1m[vite][22m[39m [31mws proxy error:[39m
AggregateError [ECONNREFUSED]: 
    at internalConnectMultiple (node:net:1134:18)
    at afterConnectMultiple (node:net:1715:7)
[2m4:57:56 am[22m [31m[1m[vite][22m[39m [31mhttp proxy error: /api/config[39m
AggregateError [ECONNREFUSED]: 
    at internalConnectMultiple (node:net:1134:18)
    at afterConnectMultiple (node:net:1715:7)
[2m4:57:56 am[22m [31m[1m[vite][22m[39m [31mhttp proxy error: /api/config[39m
AggregateError [ECONNREFUSED]: 
    at internalConnectMultiple (node:net:1134:18)
    at afterConnectMultiple (node:net:1715:7)
[2m4:57:59 am[22m [31m[1m[vite][22m[39m [31mws proxy error:[39m
AggregateError [ECONNREFUSED]: 
    at internalConnectMultiple (node:net:1134:18)
    at afterConnectMultiple (node:net:1715:7)
[2m4:58:01 am[22m [31m[1m[vite][22m[39m [31mws proxy error:[39m
AggregateError [ECONNREFUSED]: 
    at internalConnectMultiple (node:net:1134:18)
    at afterConnectMultiple (node:net:1715:7)
[2m4:58:03 am[22m [31m[1m[vite][22m[39m [31mws proxy error:[39m
AggregateError [ECONNREFUSED]: 
    at internalConnectMultiple (node:net:1134:18)
    at afterConnectMultiple (node:net:1715:7)
[2m4:58:06 am[22m [31m[1m[vite][22m[39m [31mws proxy error:[39m
AggregateError [ECONNREFUSED]: 
    at internalConnectMultiple (node:net:1134:18)
    at afterConnectMultiple (node:net:1715:7)
[2m4:58:08 am[22m [31m[1m[vite][22m[39m [31mws proxy error:[39m
AggregateError [ECONNREFUSED]: 
    at internalConnectMultiple (node:net:1134:18)
    at afterConnectMultiple (node:net:1715:7)
[2m4:58:10 am[22m [31m[1m[vite][22m[39m [31mws proxy error:[39m
AggregateError [ECONNREFUSED]: 
    at internalConnectMultiple (node:net:1134:18)
    at afterConnectMultiple (node:net:1715:7)
[2m4:58:13 am[22m [31m[1m[vite][22m[39m [31mws proxy error:[39m
AggregateError [ECONNREFUSED]: 
    at internalConnectMultiple (node:net:1134:18)
    at afterConnectMultiple (node:net:1715:7)
[2m4:58:16 am[22m [31m[1m[vite][22m[39m [31mws proxy error:[39m
AggregateError [ECONNREFUSED]: 
    at internalConnectMultiple (node:net:1134:18)
    at afterConnectMultiple (node:net:1715:7)
[2m4:58:20 am[22m [31m[1m[vite][22m[39m [31mhttp proxy error: /api/stream/status[39m
AggregateError [ECONNREFUSED]: 
    at internalConnectMultiple (node:net:1134:18)
    at afterConnectMultiple (node:net:1715:7)
[2m4:58:20 am[22m [31m[1m[vite][22m[39m [31mhttp proxy error: /api/webcam/status[39m
AggregateError [ECONNREFUSED]: 
    at internalConnectMultiple (node:net:1134:18)
    at afterConnectMultiple (node:net:1715:7)
[2m4:58:20 am[22m [31m[1m[vite][22m[39m [31mhttp proxy error: /api/config[39m
AggregateError [ECONNREFUSED]: 
    at internalConnectMultiple (node:net:1134:18)
    at afterConnectMultiple (node:net:1715:7)
[2m4:58:20 am[22m [31m[1m[vite][22m[39m [31mhttp proxy error: /api/video/status[39m
AggregateError [ECONNREFUSED]: 
    at internalConnectMultiple (node:net:1134:18)
    at afterConnectMultiple (node:net:1715:7)
[2m4:58:22 am[22m [31m[1m[vite][22m[39m [31mws proxy error:[39m
AggregateError [ECONNREFUSED]: 
    at internalConnectMultiple (node:net:1134:18)
    at afterConnectMultiple (node:net:1715:7)
[2m4:58:30 am[22m [31m[1m[vite][22m[39m [31mws proxy error:[39m
AggregateError [ECONNREFUSED]: 
    at internalConnectMultiple (node:net:1134:18)
    at afterConnectMultiple (node:net:1715:7)
[2m4:58:41 am[22m [31m[1m[vite][22m[39m [31mws proxy error:[39m
AggregateError [ECONNREFUSED]: 
    at internalConnectMultiple (node:net:1134:18)
    at afterConnectMultiple (node:net:1715:7)
[2m4:58:59 am[22m [31m[1m[vite][22m[39m [31mws proxy error:[39m
AggregateError [ECONNREFUSED]: 
    at internalConnectMultiple (node:net:1134:18)
    at afterConnectMultiple (node:net:1715:7)
[2m4:59:27 am[22m [31m[1m[vite][22m[39m [31mws proxy error:[39m
AggregateError [ECONNREFUSED]: 
    at internalConnectMultiple (node:net:1134:18)
    at afterConnectMultiple (node:net:1715:7)
[2m4:59:33 am[22m [31m[1m[vite][22m[39m [31mhttp proxy error: /api/video/status[39m
AggregateError [ECONNREFUSED]: 
    at internalConnectMultiple (node:net:1134:18)
    at afterConnectMultiple (node:net:1715:7)
[2m4:59:33 am[22m [31m[1m[vite][22m[39m [31mhttp proxy error: /api/stream/status[39m
AggregateError [ECONNREFUSED]: 
    at internalConnectMultiple (node:net:1134:18)
    at afterConnectMultiple (node:net:1715:7)
[2m4:59:33 am[22m [31m[1m[vite][22m[39m [31mhttp proxy error: /api/webcam/status[39m
AggregateError [ECONNREFUSED]: 
    at internalConnectMultiple (node:net:1134:18)
    at afterConnectMultiple (node:net:1715:7)
[2m4:59:33 am[22m [31m[1m[vite][22m[39m [31mhttp proxy error: /api/config[39m
AggregateError [ECONNREFUSED]: 
    at internalConnectMultiple (node:net:1134:18)
    at afterConnectMultiple (node:net:1715:7)
[2m4:59:33 am[22m [31m[1m[vite][22m[39m [31mhttp proxy error: /api/video/status[39m
AggregateError [ECONNREFUSED]: 
    at internalConnectMultiple (node:net:1134:18)
    at afterConnectMultiple (node:net:1715:7)
[2m4:59:33 am[22m [31m[1m[vite][22m[39m [31mhttp proxy error: /api/stream/status[39m
AggregateError [ECONNREFUSED]: 
    at internalConnectMultiple (node:net:1134:18)
    at afterConnectMultiple (node:net:1715:7)
[2m4:59:33 am[22m [31m[1m[vite][22m[39m [31mhttp proxy error: /api/webcam/status[39m
AggregateError [ECONNREFUSED]: 
    at internalConnectMultiple (node:net:1134:18)
    at afterConnectMultiple (node:net:1715:7)
[2m4:59:33 am[22m [31m[1m[vite][22m[39m [31mhttp proxy error: /api/config[39m
AggregateError [ECONNREFUSED]: 
    at internalConnectMultiple (node:net:1134:18)
    at afterConnectMultiple (node:net:1715:7)
[2m4:59:34 am[22m [31m[1m[vite][22m[39m [31mws proxy error:[39m
AggregateError [ECONNREFUSED]: 
    at internalConnectMultiple (node:net:1134:18)
    at afterConnectMultiple (node:net:1715:7)
[2m4:59:35 am[22m [31m[1m[vite][22m[39m [31mhttp proxy error: /api/video/status[39m
AggregateError [ECONNREFUSED]: 
    at internalConnectMultiple (node:net:1134:18)
    at afterConnectMultiple (node:net:1715:7)
[2m4:59:35 am[22m [31m[1m[vite][22m[39m [31mhttp proxy error: /api/stream/status[39m
AggregateError [ECONNREFUSED]: 
    at internalConnectMultiple (node:net:1134:18)
    at afterConnectMultiple (node:net:1715:7)
[2m4:59:35 am[22m [31m[1m[vite][22m[39m [31mhttp proxy error: /api/webcam/status[39m
AggregateError [ECONNREFUSED]: 
    at internalConnectMultiple (node:net:1134:18)
    at afterConnectMultiple (node:net:1715:7)
[2m4:59:35 am[22m [31m[1m[vite][22m[39m [31mhttp proxy error: /api/config[39m
AggregateError [ECONNREFUSED]: 
    at internalConnectMultiple (node:net:1134:18)
    at afterConnectMultiple (node:net:1715:7)
[2m4:59:36 am[22m [31m[1m[vite][22m[39m [31mws proxy error:[39m
AggregateError [ECONNREFUSED]: 
    at internalConnectMultiple (node:net:1134:18)
    at afterConnectMultiple (node:net:1715:7)
[2m4:59:39 am[22m [31m[1m[vite][22m[39m [31mhttp proxy error: /api/stream/status[39m
AggregateError [ECONNREFUSED]: 
    at internalConnectMultiple (node:net:1134:18)
    at afterConnectMultiple (node:net:1715:7)
[2m4:59:39 am[22m [31m[1m[vite][22m[39m [31mhttp proxy error: /api/config[39m
AggregateError [ECONNREFUSED]: 
    at internalConnectMultiple (node:net:1134:18)
    at afterConnectMultiple (node:net:1715:7)
[2m4:59:39 am[22m [31m[1m[vite][22m[39m [31mhttp proxy error: /api/webcam/status[39m
AggregateError [ECONNREFUSED]: 
    at internalConnectMultiple (node:net:1134:18)
    at afterConnectMultiple (node:net:1715:7)
[2m4:59:40 am[22m [31m[1m[vite][22m[39m [31mhttp proxy error: /api/video/status[39m
AggregateError [ECONNREFUSED]: 
    at internalConnectMultiple (node:net:1134:18)
    at afterConnectMultiple (node:net:1715:7)
[2m4:59:41 am[22m [31m[1m[vite][22m[39m [31mhttp proxy error: /api/video/status[39m
AggregateError [ECONNREFUSED]: 
    at internalConnectMultiple (node:net:1134:18)
    at afterConnectMultiple (node:net:1715:7)
[2m4:59:41 am[22m [31m[1m[vite][22m[39m [31mhttp proxy error: /api/stream/status[39m
AggregateError [ECONNREFUSED]: 
    at internalConnectMultiple (node:net:1134:18)
    at afterConnectMultiple (node:net:1715:7)
[2m4:59:41 am[22m [31m[1m[vite][22m[39m [31mhttp proxy error: /api/webcam/status[39m
AggregateError [ECONNREFUSED]: 
    at internalConnectMultiple (node:net:1134:18)
    at afterConnectMultiple (node:net:1715:7)
[2m4:59:41 am[22m [31m[1m[vite][22m[39m [31mhttp proxy error: /api/config[39m
AggregateError [ECONNREFUSED]: 
    at internalConnectMultiple (node:net:1134:18)
    at afterConnectMultiple (node:net:1715:7)
[2m4:59:41 am[22m [31m[1m[vite][22m[39m [31mhttp proxy error: /api/video/status[39m
AggregateError [ECONNREFUSED]: 
    at internalConnectMultiple (node:net:1134:18)
    at afterConnectMultiple (node:net:1715:7)
[2m4:59:41 am[22m [31m[1m[vite][22m[39m [31mhttp proxy error: /api/stream/status[39m
AggregateError [ECONNREFUSED]: 
    at internalConnectMultiple (node:net:1134:18)
    at afterConnectMultiple (node:net:1715:7)
[2m4:59:41 am[22m [31m[1m[vite][22m[39m [31mhttp proxy error: /api/webcam/status[39m
AggregateError [ECONNREFUSED]: 
    at internalConnectMultiple (node:net:1134:18)
    at afterConnectMultiple (node:net:1715:7)
[2m4:59:41 am[22m [31m[1m[vite][22m[39m [31mhttp proxy error: /api/config[39m
AggregateError [ECONNREFUSED]: 
    at internalConnectMultiple (node:net:1134:18)
    at afterConnectMultiple (node:net:1715:7)
[2m4:59:43 am[22m [31m[1m[vite][22m[39m [31mhttp proxy error: /api/video/status[39m
AggregateError [ECONNREFUSED]: 
    at internalConnectMultiple (node:net:1134:18)
    at afterConnectMultiple (node:net:1715:7)
[2m4:59:43 am[22m [31m[1m[vite][22m[39m [31mhttp proxy error: /api/stream/status[39m
AggregateError [ECONNREFUSED]: 
    at internalConnectMultiple (node:net:1134:18)
    at afterConnectMultiple (node:net:1715:7)
[2m4:59:43 am[22m [31m[1m[vite][22m[39m [31mhttp proxy error: /api/webcam/status[39m
AggregateError [ECONNREFUSED]: 
    at internalConnectMultiple (node:net:1134:18)
    at afterConnectMultiple (node:net:1715:7)
[2m4:59:43 am[22m [31m[1m[vite][22m[39m [31mhttp proxy error: /api/config[39m
AggregateError [ECONNREFUSED]: 
    at internalConnectMultiple (node:net:1134:18)
    at afterConnectMultiple (node:net:1715:7)
[2m4:59:44 am[22m [31m[1m[vite][22m[39m [31mhttp proxy error: /api/video/status[39m
AggregateError [ECONNREFUSED]: 
    at internalConnectMultiple (node:net:1134:18)
    at afterConnectMultiple (node:net:1715:7)
[2m4:59:45 am[22m [31m[1m[vite][22m[39m [31mhttp proxy error: /api/config[39m
AggregateError [ECONNREFUSED]: 
    at internalConnectMultiple (node:net:1134:18)
    at afterConnectMultiple (node:net:1715:7)
[2m4:59:45 am[22m [31m[1m[vite][22m[39m [31mhttp proxy error: /api/stream/status[39m
AggregateError [ECONNREFUSED]: 
    at internalConnectMultiple (node:net:1134:18)
    at afterConnectMultiple (node:net:1715:7)
[2m4:59:45 am[22m [31m[1m[vite][22m[39m [31mhttp proxy error: /api/webcam/status[39m
AggregateError [ECONNREFUSED]: 
    at internalConnectMultiple (node:net:1134:18)
    at afterConnectMultiple (node:net:1715:7)
[2m4:59:45 am[22m [31m[1m[vite][22m[39m [31mhttp proxy error: /api/config[39m
AggregateError [ECONNREFUSED]: 
    at internalConnectMultiple (node:net:1134:18)
    at afterConnectMultiple (node:net:1715:7)
[2m4:59:46 am[22m [31m[1m[vite][22m[39m [31mhttp proxy error: /api/video/status[39m
AggregateError [ECONNREFUSED]: 
    at internalConnectMultiple (node:net:1134:18)
    at afterConnectMultiple (node:net:1715:7)
[2m4:59:47 am[22m [31m[1m[vite][22m[39m [31mhttp proxy error: /api/stream/status[39m
AggregateError [ECONNREFUSED]: 
    at internalConnectMultiple (node:net:1134:18)
    at afterConnectMultiple (node:net:1715:7)
[2m4:59:47 am[22m [31m[1m[vite][22m[39m [31mhttp proxy error: /api/webcam/status[39m
AggregateError [ECONNREFUSED]: 
    at internalConnectMultiple (node:net:1134:18)
    at afterConnectMultiple (node:net:1715:7)
[2m4:59:47 am[22m [31m[1m[vite][22m[39m [31mhttp proxy error: /api/config[39m
AggregateError [ECONNREFUSED]: 
    at internalConnectMultiple (node:net:1134:18)
    at afterConnectMultiple (node:net:1715:7)
[2m4:59:47 am[22m [31m[1m[vite][22m[39m [31mhttp proxy error: /api/video/status[39m
AggregateError [ECONNREFUSED]: 
    at internalConnectMultiple (node:net:1134:18)
    at afterConnectMultiple (node:net:1715:7)
[2m4:59:49 am[22m [31m[1m[vite][22m[39m [31mhttp proxy error: /api/video/status[39m
AggregateError [ECONNREFUSED]: 
    at internalConnectMultiple (node:net:1134:18)
    at afterConnectMultiple (node:net:1715:7)
[2m4:59:50 am[22m [31m[1m[vite][22m[39m [31mhttp proxy error: /api/stream/status[39m
AggregateError [ECONNREFUSED]: 
    at internalConnectMultiple (node:net:1134:18)
    at afterConnectMultiple (node:net:1715:7)
[2m4:59:50 am[22m [31m[1m[vite][22m[39m [31mhttp proxy error: /api/config[39m
AggregateError [ECONNREFUSED]: 
    at internalConnectMultiple (node:net:1134:18)
    at afterConnectMultiple (node:net:1715:7)
[2m4:59:50 am[22m [31m[1m[vite][22m[39m [31mhttp proxy error: /api/webcam/status[39m
AggregateError [ECONNREFUSED]: 
    at internalConnectMultiple (node:net:1134:18)
    at afterConnectMultiple (node:net:1715:7)
[2m4:59:50 am[22m [31m[1m[vite][22m[39m [31mhttp proxy error: /api/config[39m
AggregateError [ECONNREFUSED]: 
    at internalConnectMultiple (node:net:1134:18)
    at afterConnectMultiple (node:net:1715:7)
[2m4:59:55 am[22m [31m[1m[vite][22m[39m [31mhttp proxy error: /api/video/status[39m
AggregateError [ECONNREFUSED]: 
    at internalConnectMultiple (node:net:1134:18)
    at afterConnectMultiple (node:net:1715:7)
[2m4:59:55 am[22m [31m[1m[vite][22m[39m [31mhttp proxy error: /api/stream/status[39m
AggregateError [ECONNREFUSED]: 
    at internalConnectMultiple (node:net:1134:18)
    at afterConnectMultiple (node:net:1715:7)
[2m4:59:55 am[22m [31m[1m[vite][22m[39m [31mhttp proxy error: /api/config[39m
AggregateError [ECONNREFUSED]: 
    at internalConnectMultiple (node:net:1134:18)
    at afterConnectMultiple (node:net:1715:7)
[2m4:59:55 am[22m [31m[1m[vite][22m[39m [31mhttp proxy error: /api/webcam/status[39m
AggregateError [ECONNREFUSED]: 
    at internalConnectMultiple (node:net:1134:18)
    at afterConnectMultiple (node:net:1715:7)
[2m4:59:56 am[22m [31m[1m[vite][22m[39m [31mhttp proxy error: /api/video/status[39m
AggregateError [ECONNREFUSED]: 
    at internalConnectMultiple (node:net:1134:18)
    at afterConnectMultiple (node:net:1715:7)
[2m4:59:57 am[22m [31m[1m[vite][22m[39m [31mhttp proxy error: /api/stream/status[39m
AggregateError [ECONNREFUSED]: 
    at internalConnectMultiple (node:net:1134:18)
    at afterConnectMultiple (node:net:1715:7)
[2m4:59:57 am[22m [31m[1m[vite][22m[39m [31mhttp proxy error: /api/webcam/status[39m
AggregateError [ECONNREFUSED]: 
    at internalConnectMultiple (node:net:1134:18)
    at afterConnectMultiple (node:net:1715:7)
[2m4:59:57 am[22m [31m[1m[vite][22m[39m [31mhttp proxy error: /api/config[39m
AggregateError [ECONNREFUSED]: 
    at internalConnectMultiple (node:net:1134:18)
    at afterConnectMultiple (node:net:1715:7)
[2m4:59:58 am[22m [31m[1m[vite][22m[39m [31mhttp proxy error: /api/video/status[39m
AggregateError [ECONNREFUSED]: 
    at internalConnectMultiple (node:net:1134:18)
    at afterConnectMultiple (node:net:1715:7)
[2m4:59:59 am[22m [31m[1m[vite][22m[39m [31mhttp proxy error: /api/video/status[39m
AggregateError [ECONNREFUSED]: 
    at internalConnectMultiple (node:net:1134:18)
    at afterConnectMultiple (node:net:1715:7)
[2m4:59:59 am[22m [31m[1m[vite][22m[39m [31mhttp proxy error: /api/stream/status[39m
AggregateError [ECONNREFUSED]: 
    at internalConnectMultiple (node:net:1134:18)
    at afterConnectMultiple (node:net:1715:7)
[2m4:59:59 am[22m [31m[1m[vite][22m[39m [31mhttp proxy error: /api/webcam/status[39m
AggregateError [ECONNREFUSED]: 
    at internalConnectMultiple (node:net:1134:18)
    at afterConnectMultiple (node:net:1715:7)
[2m4:59:59 am[22m [31m[1m[vite][22m[39m [31mhttp proxy error: /api/config[39m
AggregateError [ECONNREFUSED]: 
    at internalConnectMultiple (node:net:1134:18)
    at afterConnectMultiple (node:net:1715:7)
[2m5:00:01 am[22m [31m[1m[vite][22m[39m [31mhttp proxy error: /api/video/status[39m
AggregateError [ECONNREFUSED]: 
    at internalConnectMultiple (node:net:1134:18)
    at afterConnectMultiple (node:net:1715:7)
[2m5:00:01 am[22m [31m[1m[vite][22m[39m [31mhttp proxy error: /api/stream/status[39m
AggregateError [ECONNREFUSED]: 
    at internalConnectMultiple (node:net:1134:18)
    at afterConnectMultiple (node:net:1715:7)
[2m5:00:01 am[22m [31m[1m[vite][22m[39m [31mhttp proxy error: /api/webcam/status[39m
AggregateError [ECONNREFUSED]: 
    at internalConnectMultiple (node:net:1134:18)
    at afterConnectMultiple (node:net:1715:7)
[2m5:00:01 am[22m [31m[1m[vite][22m[39m [31mhttp proxy error: /api/config[39m
AggregateError [ECONNREFUSED]: 
    at internalConnectMultiple (node:net:1134:18)
    at afterConnectMultiple (node:net:1715:7)
[2m5:00:02 am[22m [31m[1m[vite][22m[39m [31mhttp proxy error: /api/video/status[39m
AggregateError [ECONNREFUSED]: 
    at internalConnectMultiple (node:net:1134:18)
    at afterConnectMultiple (node:net:1715:7)
[2m5:00:03 am[22m [31m[1m[vite][22m[39m [31mhttp proxy error: /api/stream/status[39m
AggregateError [ECONNREFUSED]: 
    at internalConnectMultiple (node:net:1134:18)
    at afterConnectMultiple (node:net:1715:7)
[2m5:00:03 am[22m [31m[1m[vite][22m[39m [31mhttp proxy error: /api/webcam/status[39m
AggregateError [ECONNREFUSED]: 
    at internalConnectMultiple (node:net:1134:18)
    at afterConnectMultiple (node:net:1715:7)
[2m5:00:03 am[22m [31m[1m[vite][22m[39m [31mhttp proxy error: /api/config[39m
AggregateError [ECONNREFUSED]: 
    at internalConnectMultiple (node:net:1134:18)
    at afterConnectMultiple (node:net:1715:7)
[2m5:00:04 am[22m [31m[1m[vite][22m[39m [31mhttp proxy error: /api/video/status[39m
AggregateError [ECONNREFUSED]: 
    at internalConnectMultiple (node:net:1134:18)
    at afterConnectMultiple (node:net:1715:7)
[2m5:00:05 am[22m [31m[1m[vite][22m[39m [31mhttp proxy error: /api/stream/status[39m
AggregateError [ECONNREFUSED]: 
    at internalConnectMultiple (node:net:1134:18)
    at afterConnectMultiple (node:net:1715:7)
[2m5:00:05 am[22m [31m[1m[vite][22m[39m [31mhttp proxy error: /api/webcam/status[39m
AggregateError [ECONNREFUSED]: 
    at internalConnectMultiple (node:net:1134:18)
    at afterConnectMultiple (node:net:1715:7)
[2m5:00:05 am[22m [31m[1m[vite][22m[39m [31mhttp proxy error: /api/config[39m
AggregateError [ECONNREFUSED]: 
    at internalConnectMultiple (node:net:1134:18)
    at afterConnectMultiple (node:net:1715:7)
[2m5:00:05 am[22m [31m[1m[vite][22m[39m [31mhttp proxy error: /api/video/status[39m
AggregateError [ECONNREFUSED]: 
    at internalConnectMultiple (node:net:1134:18)
    at afterConnectMultiple (node:net:1715:7)
[2m5:00:07 am[22m [31m[1m[vite][22m[39m [31mws proxy error:[39m
AggregateError [ECONNREFUSED]: 
    at internalConnectMultiple (node:net:1134:18)
    at afterConnectMultiple (node:net:1715:7)
[2m5:00:07 am[22m [31m[1m[vite][22m[39m [31mhttp proxy error: /api/video/status[39m
AggregateError [ECONNREFUSED]: 
    at internalConnectMultiple (node:net:1134:18)
    at afterConnectMultiple (node:net:1715:7)
[2m5:00:07 am[22m [31m[1m[vite][22m[39m [31mhttp proxy error: /api/stream/status[39m
AggregateError [ECONNREFUSED]: 
    at internalConnectMultiple (node:net:1134:18)
    at afterConnectMultiple (node:net:1715:7)
[2m5:00:07 am[22m [31m[1m[vite][22m[39m [31mhttp proxy error: /api/webcam/status[39m
AggregateError [ECONNREFUSED]: 
    at internalConnectMultiple (node:net:1134:18)
    at afterConnectMultiple (node:net:1715:7)
[2m5:00:07 am[22m [31m[1m[vite][22m[39m [31mhttp proxy error: /api/config[39m
AggregateError [ECONNREFUSED]: 
    at internalConnectMultiple (node:net:1134:18)
    at afterConnectMultiple (node:net:1715:7)
[2m5:00:08 am[22m [31m[1m[vite][22m[39m [31mhttp proxy error: /api/video/status[39m
AggregateError [ECONNREFUSED]: 
    at internalConnectMultiple (node:net:1134:18)
    at afterConnectMultiple (node:net:1715:7)
[2m5:00:09 am[22m [31m[1m[vite][22m[39m [31mhttp proxy error: /api/stream/status[39m
AggregateError [ECONNREFUSED]: 
    at internalConnectMultiple (node:net:1134:18)
    at afterConnectMultiple (node:net:1715:7)
[2m5:00:09 am[22m [31m[1m[vite][22m[39m [31mhttp proxy error: /api/webcam/status[39m
AggregateError [ECONNREFUSED]: 
    at internalConnectMultiple (node:net:1134:18)
    at afterConnectMultiple (node:net:1715:7)
[2m5:00:09 am[22m [31m[1m[vite][22m[39m [31mhttp proxy error: /api/config[39m
AggregateError [ECONNREFUSED]: 
    at internalConnectMultiple (node:net:1134:18)
    at afterConnectMultiple (node:net:1715:7)
[2m5:00:10 am[22m [31m[1m[vite][22m[39m [31mhttp proxy error: /api/video/status[39m
AggregateError [ECONNREFUSED]: 
    at internalConnectMultiple (node:net:1134:18)
    at afterConnectMultiple (node:net:1715:7)
[2m5:00:11 am[22m [31m[1m[vite][22m[39m [31mhttp proxy error: /api/stream/status[39m
AggregateError [ECONNREFUSED]: 
    at internalConnectMultiple (node:net:1134:18)
    at afterConnectMultiple (node:net:1715:7)
[2m5:00:11 am[22m [31m[1m[vite][22m[39m [31mhttp proxy error: /api/webcam/status[39m
AggregateError [ECONNREFUSED]: 
    at internalConnectMultiple (node:net:1134:18)
    at afterConnectMultiple (node:net:1715:7)
[2m5:00:11 am[22m [31m[1m[vite][22m[39m [31mhttp proxy error: /api/config[39m
AggregateError [ECONNREFUSED]: 
    at internalConnectMultiple (node:net:1134:18)
    at afterConnectMultiple (node:net:1715:7)
[2m5:00:11 am[22m [31m[1m[vite][22m[39m [31mhttp proxy error: /api/video/status[39m
AggregateError [ECONNREFUSED]: 
    at internalConnectMultiple (node:net:1134:18)
    at afterConnectMultiple (node:net:1715:7)
[2m5:00:13 am[22m [31m[1m[vite][22m[39m [31mhttp proxy error: /api/video/status[39m
AggregateError [ECONNREFUSED]: 
    at internalConnectMultiple (node:net:1134:18)
    at afterConnectMultiple (node:net:1715:7)
[2m5:00:13 am[22m [31m[1m[vite][22m[39m [31mhttp proxy error: /api/stream/status[39m
AggregateError [ECONNREFUSED]: 
    at internalConnectMultiple (node:net:1134:18)
    at afterConnectMultiple (node:net:1715:7)
[2m5:00:13 am[22m [31m[1m[vite][22m[39m [31mhttp proxy error: /api/webcam/status[39m
AggregateError [ECONNREFUSED]: 
    at internalConnectMultiple (node:net:1134:18)
    at afterConnectMultiple (node:net:1715:7)
[2m5:00:13 am[22m [31m[1m[vite][22m[39m [31mhttp proxy error: /api/config[39m
AggregateError [ECONNREFUSED]: 
    at internalConnectMultiple (node:net:1134:18)
    at afterConnectMultiple (node:net:1715:7)
[2m5:00:14 am[22m [31m[1m[vite][22m[39m [31mhttp proxy error: /api/video/status[39m
AggregateError [ECONNREFUSED]: 
    at internalConnectMultiple (node:net:1134:18)
    at afterConnectMultiple (node:net:1715:7)
[2m5:00:15 am[22m [31m[1m[vite][22m[39m [31mhttp proxy error: /api/stream/status[39m
AggregateError [ECONNREFUSED]: 
    at internalConnectMultiple (node:net:1134:18)
    at afterConnectMultiple (node:net:1715:7)
[2m5:00:15 am[22m [31m[1m[vite][22m[39m [31mhttp proxy error: /api/webcam/status[39m
AggregateError [ECONNREFUSED]: 
    at internalConnectMultiple (node:net:1134:18)
    at afterConnectMultiple (node:net:1715:7)
[2m5:00:15 am[22m [31m[1m[vite][22m[39m [31mhttp proxy error: /api/config[39m
AggregateError [ECONNREFUSED]: 
    at internalConnectMultiple (node:net:1134:18)
    at afterConnectMultiple (node:net:1715:7)
[2m5:00:16 am[22m [31m[1m[vite][22m[39m [31mhttp proxy error: /api/video/status[39m
AggregateError [ECONNREFUSED]: 
    at internalConnectMultiple (node:net:1134:18)
    at afterConnectMultiple (node:net:1715:7)
[2m5:00:17 am[22m [31m[1m[vite][22m[39m [31mhttp proxy error: /api/stream/status[39m
AggregateError [ECONNREFUSED]: 
    at internalConnectMultiple (node:net:1134:18)
    at afterConnectMultiple (node:net:1715:7)
[2m5:00:17 am[22m [31m[1m[vite][22m[39m [31mhttp proxy error: /api/webcam/status[39m
AggregateError [ECONNREFUSED]: 
    at internalConnectMultiple (node:net:1134:18)
    at afterConnectMultiple (node:net:1715:7)
[2m5:00:17 am[22m [31m[1m[vite][22m[39m [31mhttp proxy error: /api/config[39m
AggregateError [ECONNREFUSED]: 
    at internalConnectMultiple (node:net:1134:18)
    at afterConnectMultiple (node:net:1715:7)
[2m5:00:17 am[22m [31m[1m[vite][22m[39m [31mhttp proxy error: /api/video/status[39m
AggregateError [ECONNREFUSED]: 
    at internalConnectMultiple (node:net:1134:18)
    at afterConnectMultiple (node:net:1715:7)
[2m5:00:19 am[22m [31m[1m[vite][22m[39m [31mhttp proxy error: /api/video/status[39m
AggregateError [ECONNREFUSED]: 
    at internalConnectMultiple (node:net:1134:18)
    at afterConnectMultiple (node:net:1715:7)
[2m5:00:19 am[22m [31m[1m[vite][22m[39m [31mhttp proxy error: /api/stream/status[39m
AggregateError [ECONNREFUSED]: 
    at internalConnectMultiple (node:net:1134:18)
    at afterConnectMultiple (node:net:1715:7)
[2m5:00:19 am[22m [31m[1m[vite][22m[39m [31mhttp proxy error: /api/webcam/status[39m
AggregateError [ECONNREFUSED]: 
    at internalConnectMultiple (node:net:1134:18)
    at afterConnectMultiple (node:net:1715:7)
[2m5:00:20 am[22m [31m[1m[vite][22m[39m [31mhttp proxy error: /api/config[39m
AggregateError [ECONNREFUSED]: 
    at internalConnectMultiple (node:net:1134:18)
    at afterConnectMultiple (node:net:1715:7)
[2m5:00:21 am[22m [31m[1m[vite][22m[39m [31mhttp proxy error: /api/video/status[39m
AggregateError [ECONNREFUSED]: 
    at internalConnectMultiple (node:net:1134:18)
    at afterConnectMultiple (node:net:1715:7)
[2m5:00:22 am[22m [31m[1m[vite][22m[39m [31mhttp proxy error: /api/stream/status[39m
AggregateError [ECONNREFUSED]: 
    at internalConnectMultiple (node:net:1134:18)
    at afterConnectMultiple (node:net:1715:7)
[2m5:00:22 am[22m [31m[1m[vite][22m[39m [31mhttp proxy error: /api/webcam/status[39m
AggregateError [ECONNREFUSED]: 
    at internalConnectMultiple (node:net:1134:18)
    at afterConnectMultiple (node:net:1715:7)
[2m5:00:22 am[22m [31m[1m[vite][22m[39m [31mhttp proxy error: /api/config[39m
AggregateError [ECONNREFUSED]: 
    at internalConnectMultiple (node:net:1134:18)
    at afterConnectMultiple (node:net:1715:7)
[2m5:00:22 am[22m [31m[1m[vite][22m[39m [31mhttp proxy error: /api/video/status[39m
AggregateError [ECONNREFUSED]: 
    at internalConnectMultiple (node:net:1134:18)
    at afterConnectMultiple (node:net:1715:7)
[2m5:00:24 am[22m [31m[1m[vite][22m[39m [31mhttp proxy error: /api/stream/status[39m
AggregateError [ECONNREFUSED]: 
    at internalConnectMultiple (node:net:1134:18)
    at afterConnectMultiple (node:net:1715:7)
[2m5:00:24 am[22m [31m[1m[vite][22m[39m [31mhttp proxy error: /api/webcam/status[39m
AggregateError [ECONNREFUSED]: 
    at internalConnectMultiple (node:net:1134:18)
    at afterConnectMultiple (node:net:1715:7)
[2m5:00:24 am[22m [31m[1m[vite][22m[39m [31mhttp proxy error: /api/config[39m
AggregateError [ECONNREFUSED]: 
    at internalConnectMultiple (node:net:1134:18)
    at afterConnectMultiple (node:net:1715:7)
[2m5:00:24 am[22m [31m[1m[vite][22m[39m [31mhttp proxy error: /api/video/status[39m
AggregateError [ECONNREFUSED]: 
    at internalConnectMultiple (node:net:1134:18)
    at afterConnectMultiple (node:net:1715:7)
[2m5:00:25 am[22m [31m[1m[vite][22m[39m [31mhttp proxy error: /api/video/status[39m
AggregateError [ECONNREFUSED]: 
    at internalConnectMultiple (node:net:1134:18)
    at afterConnectMultiple (node:net:1715:7)
[2m5:00:26 am[22m [31m[1m[vite][22m[39m [31mhttp proxy error: /api/stream/status[39m
AggregateError [ECONNREFUSED]: 
    at internalConnectMultiple (node:net:1134:18)
    at afterConnectMultiple (node:net:1715:7)
[2m5:00:26 am[22m [31m[1m[vite][22m[39m [31mhttp proxy error: /api/webcam/status[39m
AggregateError [ECONNREFUSED]: 
    at internalConnectMultiple (node:net:1134:18)
    at afterConnectMultiple (node:net:1715:7)
[2m5:00:26 am[22m [31m[1m[vite][22m[39m [31mhttp proxy error: /api/config[39m
AggregateError [ECONNREFUSED]: 
    at internalConnectMultiple (node:net:1134:18)
    at afterConnectMultiple (node:net:1715:7)
[2m5:00:27 am[22m [31m[1m[vite][22m[39m [31mhttp proxy error: /api/video/status[39m
AggregateError [ECONNREFUSED]: 
    at internalConnectMultiple (node:net:1134:18)
    at afterConnectMultiple (node:net:1715:7)
[2m5:00:28 am[22m [31m[1m[vite][22m[39m [31mhttp proxy error: /api/stream/status[39m
AggregateError [ECONNREFUSED]: 
    at internalConnectMultiple (node:net:1134:18)
    at afterConnectMultiple (node:net:1715:7)
[2m5:00:28 am[22m [31m[1m[vite][22m[39m [31mhttp proxy error: /api/webcam/status[39m
AggregateError [ECONNREFUSED]: 
    at internalConnectMultiple (node:net:1134:18)
    at afterConnectMultiple (node:net:1715:7)
[2m5:00:28 am[22m [31m[1m[vite][22m[39m [31mhttp proxy error: /api/config[39m
AggregateError [ECONNREFUSED]: 
    at internalConnectMultiple (node:net:1134:18)
    at afterConnectMultiple (node:net:1715:7)
[2m5:00:28 am[22m [31m[1m[vite][22m[39m [31mhttp proxy error: /api/video/status[39m
AggregateError [ECONNREFUSED]: 
    at internalConnectMultiple (node:net:1134:18)
    at afterConnectMultiple (node:net:1715:7)
[2m5:00:30 am[22m [31m[1m[vite][22m[39m [31mhttp proxy error: /api/stream/status[39m
AggregateError [ECONNREFUSED]: 
    at internalConnectMultiple (node:net:1134:18)
    at afterConnectMultiple (node:net:1715:7)
[2m5:00:30 am[22m [31m[1m[vite][22m[39m [31mhttp proxy error: /api/webcam/status[39m
AggregateError [ECONNREFUSED]: 
    at internalConnectMultiple (node:net:1134:18)
    at afterConnectMultiple (node:net:1715:7)
[2m5:00:30 am[22m [31m[1m[vite][22m[39m [31mhttp proxy error: /api/config[39m
AggregateError [ECONNREFUSED]: 
    at internalConnectMultiple (node:net:1134:18)
    at afterConnectMultiple (node:net:1715:7)
[2m5:00:30 am[22m [31m[1m[vite][22m[39m [31mhttp proxy error: /api/video/status[39m
AggregateError [ECONNREFUSED]: 
    at internalConnectMultiple (node:net:1134:18)
    at afterConnectMultiple (node:net:1715:7)
[2m5:00:31 am[22m [31m[1m[vite][22m[39m [31mhttp proxy error: /api/video/status[39m
AggregateError [ECONNREFUSED]: 
    at internalConnectMultiple (node:net:1134:18)
    at afterConnectMultiple (node:net:1715:7)
[2m5:00:32 am[22m [31m[1m[vite][22m[39m [31mhttp proxy error: /api/stream/status[39m
AggregateError [ECONNREFUSED]: 
    at internalConnectMultiple (node:net:1134:18)
    at afterConnectMultiple (node:net:1715:7)
[2m5:00:32 am[22m [31m[1m[vite][22m[39m [31mhttp proxy error: /api/webcam/status[39m
AggregateError [ECONNREFUSED]: 
    at internalConnectMultiple (node:net:1134:18)
    at afterConnectMultiple (node:net:1715:7)
[2m5:00:32 am[22m [31m[1m[vite][22m[39m [31mhttp proxy error: /api/config[39m
AggregateError [ECONNREFUSED]: 
    at internalConnectMultiple (node:net:1134:18)
    at afterConnectMultiple (node:net:1715:7)
[2m5:00:33 am[22m [31m[1m[vite][22m[39m [31mhttp proxy error: /api/video/status[39m
AggregateError [ECONNREFUSED]: 
    at internalConnectMultiple (node:net:1134:18)
    at afterConnectMultiple (node:net:1715:7)
[2m5:00:34 am[22m [31m[1m[vite][22m[39m [31mhttp proxy error: /api/stream/status[39m
AggregateError [ECONNREFUSED]: 
    at internalConnectMultiple (node:net:1134:18)
    at afterConnectMultiple (node:net:1715:7)
[2m5:00:34 am[22m [31m[1m[vite][22m[39m [31mhttp proxy error: /api/webcam/status[39m
AggregateError [ECONNREFUSED]: 
    at internalConnectMultiple (node:net:1134:18)
    at afterConnectMultiple (node:net:1715:7)
[2m5:00:34 am[22m [31m[1m[vite][22m[39m [31mhttp proxy error: /api/config[39m
AggregateError [ECONNREFUSED]: 
    at internalConnectMultiple (node:net:1134:18)
    at afterConnectMultiple (node:net:1715:7)
[2m5:00:34 am[22m [31m[1m[vite][22m[39m [31mhttp proxy error: /api/video/status[39m
AggregateError [ECONNREFUSED]: 
    at internalConnectMultiple (node:net:1134:18)
    at afterConnectMultiple (node:net:1715:7)
[2m5:00:36 am[22m [31m[1m[vite][22m[39m [31mhttp proxy error: /api/stream/status[39m
AggregateError [ECONNREFUSED]: 
    at internalConnectMultiple (node:net:1134:18)
    at afterConnectMultiple (node:net:1715:7)
[2m5:00:36 am[22m [31m[1m[vite][22m[39m [31mhttp proxy error: /api/webcam/status[39m
AggregateError [ECONNREFUSED]: 
    at internalConnectMultiple (node:net:1134:18)
    at afterConnectMultiple (node:net:1715:7)
[2m5:00:36 am[22m [31m[1m[vite][22m[39m [31mhttp proxy error: /api/config[39m
AggregateError [ECONNREFUSED]: 
    at internalConnectMultiple (node:net:1134:18)
    at afterConnectMultiple (node:net:1715:7)
[2m5:00:36 am[22m [31m[1m[vite][22m[39m [31mhttp proxy error: /api/video/status[39m
AggregateError [ECONNREFUSED]: 
    at internalConnectMultiple (node:net:1134:18)
    at afterConnectMultiple (node:net:1715:7)
[2m5:00:37 am[22m [31m[1m[vite][22m[39m [31mhttp proxy error: /api/video/status[39m
AggregateError [ECONNREFUSED]: 
    at internalConnectMultiple (node:net:1134:18)
    at afterConnectMultiple (node:net:1715:7)
[2m5:00:38 am[22m [31m[1m[vite][22m[39m [31mhttp proxy error: /api/stream/status[39m
AggregateError [ECONNREFUSED]: 
    at internalConnectMultiple (node:net:1134:18)
    at afterConnectMultiple (node:net:1715:7)
[2m5:00:38 am[22m [31m[1m[vite][22m[39m [31mhttp proxy error: /api/webcam/status[39m
AggregateError [ECONNREFUSED]: 
    at internalConnectMultiple (node:net:1134:18)
    at afterConnectMultiple (node:net:1715:7)
[2m5:00:38 am[22m [31m[1m[vite][22m[39m [31mhttp proxy error: /api/config[39m
AggregateError [ECONNREFUSED]: 
    at internalConnectMultiple (node:net:1134:18)
    at afterConnectMultiple (node:net:1715:7)
[2m5:00:39 am[22m [31m[1m[vite][22m[39m [31mhttp proxy error: /api/video/status[39m
AggregateError [ECONNREFUSED]: 
    at internalConnectMultiple (node:net:1134:18)
    at afterConnectMultiple (node:net:1715:7)
[2m5:00:40 am[22m [31m[1m[vite][22m[39m [31mhttp proxy error: /api/stream/status[39m
AggregateError [ECONNREFUSED]: 
    at internalConnectMultiple (node:net:1134:18)
    at afterConnectMultiple (node:net:1715:7)
[2m5:00:40 am[22m [31m[1m[vite][22m[39m [31mhttp proxy error: /api/webcam/status[39m
AggregateError [ECONNREFUSED]: 
    at internalConnectMultiple (node:net:1134:18)
    at afterConnectMultiple (node:net:1715:7)
[2m5:00:40 am[22m [31m[1m[vite][22m[39m [31mhttp proxy error: /api/config[39m
AggregateError [ECONNREFUSED]: 
    at internalConnectMultiple (node:net:1134:18)
    at afterConnectMultiple (node:net:1715:7)
[2m5:00:40 am[22m [31m[1m[vite][22m[39m [31mhttp proxy error: /api/video/status[39m
AggregateError [ECONNREFUSED]: 
    at internalConnectMultiple (node:net:1134:18)
    at afterConnectMultiple (node:net:1715:7)
[2m5:00:42 am[22m [31m[1m[vite][22m[39m [31mhttp proxy error: /api/stream/status[39m
AggregateError [ECONNREFUSED]: 
    at internalConnectMultiple (node:net:1134:18)
    at afterConnectMultiple (node:net:1715:7)
[2m5:00:42 am[22m [31m[1m[vite][22m[39m [31mhttp proxy error: /api/webcam/status[39m
AggregateError [ECONNREFUSED]: 
    at internalConnectMultiple (node:net:1134:18)
    at afterConnectMultiple (node:net:1715:7)
[2m5:00:42 am[22m [31m[1m[vite][22m[39m [31mhttp proxy error: /api/config[39m
AggregateError [ECONNREFUSED]: 
    at internalConnectMultiple (node:net:1134:18)
    at afterConnectMultiple (node:net:1715:7)
[2m5:00:42 am[22m [31m[1m[vite][22m[39m [31mhttp proxy error: /api/video/status[39m
AggregateError [ECONNREFUSED]: 
    at internalConnectMultiple (node:net:1134:18)
    at afterConnectMultiple (node:net:1715:7)
[2m5:00:43 am[22m [31m[1m[vite][22m[39m [31mhttp proxy error: /api/video/status[39m
AggregateError [ECONNREFUSED]: 
    at internalConnectMultiple (node:net:1134:18)
    at afterConnectMultiple (node:net:1715:7)
[2m5:00:44 am[22m [31m[1m[vite][22m[39m [31mhttp proxy error: /api/stream/status[39m
AggregateError [ECONNREFUSED]: 
    at internalConnectMultiple (node:net:1134:18)
    at afterConnectMultiple (node:net:1715:7)
[2m5:00:44 am[22m [31m[1m[vite][22m[39m [31mhttp proxy error: /api/webcam/status[39m
AggregateError [ECONNREFUSED]: 
    at internalConnectMultiple (node:net:1134:18)
    at afterConnectMultiple (node:net:1715:7)
[2m5:00:44 am[22m [31m[1m[vite][22m[39m [31mhttp proxy error: /api/config[39m
AggregateError [ECONNREFUSED]: 
    at internalConnectMultiple (node:net:1134:18)
    at afterConnectMultiple (node:net:1715:7)
[2m5:00:45 am[22m [31m[1m[vite][22m[39m [31mhttp proxy error: /api/video/status[39m
AggregateError [ECONNREFUSED]: 
    at internalConnectMultiple (node:net:1134:18)
    at afterConnectMultiple (node:net:1715:7)
[2m5:00:46 am[22m [31m[1m[vite][22m[39m [31mhttp proxy error: /api/stream/status[39m
AggregateError [ECONNREFUSED]: 
    at internalConnectMultiple (node:net:1134:18)
    at afterConnectMultiple (node:net:1715:7)
[2m5:00:46 am[22m [31m[1m[vite][22m[39m [31mhttp proxy error: /api/webcam/status[39m
AggregateError [ECONNREFUSED]: 
    at internalConnectMultiple (node:net:1134:18)
    at afterConnectMultiple (node:net:1715:7)
[2m5:00:46 am[22m [31m[1m[vite][22m[39m [31mhttp proxy error: /api/config[39m
AggregateError [ECONNREFUSED]: 
    at internalConnectMultiple (node:net:1134:18)
    at afterConnectMultiple (node:net:1715:7)
[2m5:00:46 am[22m [31m[1m[vite][22m[39m [31mhttp proxy error: /api/video/status[39m
AggregateError [ECONNREFUSED]: 
    at internalConnectMultiple (node:net:1134:18)
    at afterConnectMultiple (node:net:1715:7)
[2m5:00:48 am[22m [31m[1m[vite][22m[39m [31mhttp proxy error: /api/stream/status[39m
AggregateError [ECONNREFUSED]: 
    at internalConnectMultiple (node:net:1134:18)
    at afterConnectMultiple (node:net:1715:7)
[2m5:00:48 am[22m [31m[1m[vite][22m[39m [31mhttp proxy error: /api/webcam/status[39m
AggregateError [ECONNREFUSED]: 
    at internalConnectMultiple (node:net:1134:18)
    at afterConnectMultiple (node:net:1715:7)
[2m5:00:48 am[22m [31m[1m[vite][22m[39m [31mhttp proxy error: /api/config[39m
AggregateError [ECONNREFUSED]: 
    at internalConnectMultiple (node:net:1134:18)
    at afterConnectMultiple (node:net:1715:7)
[2m5:00:48 am[22m [31m[1m[vite][22m[39m [31mhttp proxy error: /api/video/status[39m
AggregateError [ECONNREFUSED]: 
    at internalConnectMultiple (node:net:1134:18)
    at afterConnectMultiple (node:net:1715:7)
[2m5:00:49 am[22m [31m[1m[vite][22m[39m [31mhttp proxy error: /api/video/status[39m
AggregateError [ECONNREFUSED]: 
    at internalConnectMultiple (node:net:1134:18)
    at afterConnectMultiple (node:net:1715:7)
[2m5:00:50 am[22m [31m[1m[vite][22m[39m [31mhttp proxy error: /api/stream/status[39m
AggregateError [ECONNREFUSED]: 
    at internalConnectMultiple (node:net:1134:18)
    at afterConnectMultiple (node:net:1715:7)
[2m5:00:50 am[22m [31m[1m[vite][22m[39m [31mhttp proxy error: /api/webcam/status[39m
AggregateError [ECONNREFUSED]: 
    at internalConnectMultiple (node:net:1134:18)
    at afterConnectMultiple (node:net:1715:7)
[2m5:00:50 am[22m [31m[1m[vite][22m[39m [31mhttp proxy error: /api/config[39m
AggregateError [ECONNREFUSED]: 
    at internalConnectMultiple (node:net:1134:18)
    at afterConnectMultiple (node:net:1715:7)
[2m5:00:51 am[22m [31m[1m[vite][22m[39m [31mhttp proxy error: /api/video/status[39m
AggregateError [ECONNREFUSED]: 
    at internalConnectMultiple (node:net:1134:18)
    at afterConnectMultiple (node:net:1715:7)
[2m5:00:52 am[22m [31m[1m[vite][22m[39m [31mhttp proxy error: /api/stream/status[39m
AggregateError [ECONNREFUSED]: 
    at internalConnectMultiple (node:net:1134:18)
    at afterConnectMultiple (node:net:1715:7)
[2m5:00:52 am[22m [31m[1m[vite][22m[39m [31mhttp proxy error: /api/webcam/status[39m
AggregateError [ECONNREFUSED]: 
    at internalConnectMultiple (node:net:1134:18)
    at afterConnectMultiple (node:net:1715:7)
[2m5:00:52 am[22m [31m[1m[vite][22m[39m [31mhttp proxy error: /api/config[39m
AggregateError [ECONNREFUSED]: 
    at internalConnectMultiple (node:net:1134:18)
    at afterConnectMultiple (node:net:1715:7)
[2m5:00:52 am[22m [31m[1m[vite][22m[39m [31mhttp proxy error: /api/video/status[39m
AggregateError [ECONNREFUSED]: 
    at internalConnectMultiple (node:net:1134:18)
    at afterConnectMultiple (node:net:1715:7)
[2m5:00:54 am[22m [31m[1m[vite][22m[39m [31mhttp proxy error: /api/stream/status[39m
AggregateError [ECONNREFUSED]: 
    at internalConnectMultiple (node:net:1134:18)
    at afterConnectMultiple (node:net:1715:7)
[2m5:00:54 am[22m [31m[1m[vite][22m[39m [31mhttp proxy error: /api/webcam/status[39m
AggregateError [ECONNREFUSED]: 
    at internalConnectMultiple (node:net:1134:18)
    at afterConnectMultiple (node:net:1715:7)
[2m5:00:54 am[22m [31m[1m[vite][22m[39m [31mhttp proxy error: /api/config[39m
AggregateError [ECONNREFUSED]: 
    at internalConnectMultiple (node:net:1134:18)
    at afterConnectMultiple (node:net:1715:7)
[2m5:00:54 am[22m [31m[1m[vite][22m[39m [31mhttp proxy error: /api/video/status[39m
AggregateError [ECONNREFUSED]: 
    at internalConnectMultiple (node:net:1134:18)
    at afterConnectMultiple (node:net:1715:7)
[2m5:00:55 am[22m [31m[1m[vite][22m[39m [31mhttp proxy error: /api/video/status[39m
AggregateError [ECONNREFUSED]: 
    at internalConnectMultiple (node:net:1134:18)
    at afterConnectMultiple (node:net:1715:7)
[2m5:00:56 am[22m [31m[1m[vite][22m[39m [31mhttp proxy error: /api/stream/status[39m
AggregateError [ECONNREFUSED]: 
    at internalConnectMultiple (node:net:1134:18)
    at afterConnectMultiple (node:net:1715:7)
[2m5:00:56 am[22m [31m[1m[vite][22m[39m [31mhttp proxy error: /api/webcam/status[39m
AggregateError [ECONNREFUSED]: 
    at internalConnectMultiple (node:net:1134:18)
    at afterConnectMultiple (node:net:1715:7)
[2m5:00:56 am[22m [31m[1m[vite][22m[39m [31mhttp proxy error: /api/config[39m
AggregateError [ECONNREFUSED]: 
    at internalConnectMultiple (node:net:1134:18)
    at afterConnectMultiple (node:net:1715:7)
[2m5:00:57 am[22m [31m[1m[vite][22m[39m [31mhttp proxy error: /api/video/status[39m
AggregateError [ECONNREFUSED]: 
    at internalConnectMultiple (node:net:1134:18)
    at afterConnectMultiple (node:net:1715:7)
[2m5:00:58 am[22m [31m[1m[vite][22m[39m [31mhttp proxy error: /api/stream/status[39m
AggregateError [ECONNREFUSED]: 
    at internalConnectMultiple (node:net:1134:18)
    at afterConnectMultiple (node:net:1715:7)
[2m5:00:58 am[22m [31m[1m[vite][22m[39m [31mhttp proxy error: /api/webcam/status[39m
AggregateError [ECONNREFUSED]: 
    at internalConnectMultiple (node:net:1134:18)
    at afterConnectMultiple (node:net:1715:7)
[2m5:00:58 am[22m [31m[1m[vite][22m[39m [31mhttp proxy error: /api/config[39m
AggregateError [ECONNREFUSED]: 
    at internalConnectMultiple (node:net:1134:18)
    at afterConnectMultiple (node:net:1715:7)
[2m5:00:58 am[22m [31m[1m[vite][22m[39m [31mhttp proxy error: /api/video/status[39m
AggregateError [ECONNREFUSED]: 
    at internalConnectMultiple (node:net:1134:18)
    at afterConnectMultiple (node:net:1715:7)
[2m5:01:00 am[22m [31m[1m[vite][22m[39m [31mhttp proxy error: /api/stream/status[39m
AggregateError [ECONNREFUSED]: 
    at internalConnectMultiple (node:net:1134:18)
    at afterConnectMultiple (node:net:1715:7)
[2m5:01:00 am[22m [31m[1m[vite][22m[39m [31mhttp proxy error: /api/webcam/status[39m
AggregateError [ECONNREFUSED]: 
    at internalConnectMultiple (node:net:1134:18)
    at afterConnectMultiple (node:net:1715:7)
[2m5:01:00 am[22m [31m[1m[vite][22m[39m [31mhttp proxy error: /api/config[39m
AggregateError [ECONNREFUSED]: 
    at internalConnectMultiple (node:net:1134:18)
    at afterConnectMultiple (node:net:1715:7)
[2m5:01:00 am[22m [31m[1m[vite][22m[39m [31mhttp proxy error: /api/video/status[39m
AggregateError [ECONNREFUSED]: 
    at internalConnectMultiple (node:net:1134:18)
    at afterConnectMultiple (node:net:1715:7)
[2m5:01:01 am[22m [31m[1m[vite][22m[39m [31mhttp proxy error: /api/video/status[39m
AggregateError [ECONNREFUSED]: 
    at internalConnectMultiple (node:net:1134:18)
    at afterConnectMultiple (node:net:1715:7)
[2m5:01:02 am[22m [31m[1m[vite][22m[39m [31mhttp proxy error: /api/stream/status[39m
AggregateError [ECONNREFUSED]: 
    at internalConnectMultiple (node:net:1134:18)
    at afterConnectMultiple (node:net:1715:7)
[2m5:01:02 am[22m [31m[1m[vite][22m[39m [31mhttp proxy error: /api/webcam/status[39m
AggregateError [ECONNREFUSED]: 
    at internalConnectMultiple (node:net:1134:18)
    at afterConnectMultiple (node:net:1715:7)
[2m5:01:02 am[22m [31m[1m[vite][22m[39m [31mhttp proxy error: /api/config[39m
AggregateError [ECONNREFUSED]: 
    at internalConnectMultiple (node:net:1134:18)
    at afterConnectMultiple (node:net:1715:7)
[2m5:01:03 am[22m [31m[1m[vite][22m[39m [31mhttp proxy error: /api/video/status[39m
AggregateError [ECONNREFUSED]: 
    at internalConnectMultiple (node:net:1134:18)
    at afterConnectMultiple (node:net:1715:7)
[2m5:01:04 am[22m [31m[1m[vite][22m[39m [31mhttp proxy error: /api/stream/status[39m
AggregateError [ECONNREFUSED]: 
    at internalConnectMultiple (node:net:1134:18)
    at afterConnectMultiple (node:net:1715:7)
[2m5:01:04 am[22m [31m[1m[vite][22m[39m [31mhttp proxy error: /api/webcam/status[39m
AggregateError [ECONNREFUSED]: 
    at internalConnectMultiple (node:net:1134:18)
    at afterConnectMultiple (node:net:1715:7)
[2m5:01:04 am[22m [31m[1m[vite][22m[39m [31mhttp proxy error: /api/config[39m
AggregateError [ECONNREFUSED]: 
    at internalConnectMultiple (node:net:1134:18)
    at afterConnectMultiple (node:net:1715:7)
[2m5:01:04 am[22m [31m[1m[vite][22m[39m [31mhttp proxy error: /api/video/status[39m
AggregateError [ECONNREFUSED]: 
    at internalConnectMultiple (node:net:1134:18)
    at afterConnectMultiple (node:net:1715:7)
[2m5:01:06 am[22m [31m[1m[vite][22m[39m [31mhttp proxy error: /api/stream/status[39m
AggregateError [ECONNREFUSED]: 
    at internalConnectMultiple (node:net:1134:18)
    at afterConnectMultiple (node:net:1715:7)
[2m5:01:06 am[22m [31m[1m[vite][22m[39m [31mhttp proxy error: /api/webcam/status[39m
AggregateError [ECONNREFUSED]: 
    at internalConnectMultiple (node:net:1134:18)
    at afterConnectMultiple (node:net:1715:7)
[2m5:01:06 am[22m [31m[1m[vite][22m[39m [31mhttp proxy error: /api/config[39m
AggregateError [ECONNREFUSED]: 
    at internalConnectMultiple (node:net:1134:18)
    at afterConnectMultiple (node:net:1715:7)
[2m5:01:06 am[22m [31m[1m[vite][22m[39m [31mhttp proxy error: /api/video/status[39m
AggregateError [ECONNREFUSED]: 
    at internalConnectMultiple (node:net:1134:18)
    at afterConnectMultiple (node:net:1715:7)
[2m5:01:07 am[22m [31m[1m[vite][22m[39m [31mws proxy error:[39m
AggregateError [ECONNREFUSED]: 
    at internalConnectMultiple (node:net:1134:18)
    at afterConnectMultiple (node:net:1715:7)
[2m5:01:07 am[22m [31m[1m[vite][22m[39m [31mhttp proxy error: /api/video/status[39m
AggregateError [ECONNREFUSED]: 
    at internalConnectMultiple (node:net:1134:18)
    at afterConnectMultiple (node:net:1715:7)
[2m5:01:08 am[22m [31m[1m[vite][22m[39m [31mhttp proxy error: /api/stream/status[39m
AggregateError [ECONNREFUSED]: 
    at internalConnectMultiple (node:net:1134:18)
    at afterConnectMultiple (node:net:1715:7)
[2m5:01:08 am[22m [31m[1m[vite][22m[39m [31mhttp proxy error: /api/webcam/status[39m
AggregateError [ECONNREFUSED]: 
    at internalConnectMultiple (node:net:1134:18)
    at afterConnectMultiple (node:net:1715:7)
[2m5:01:08 am[22m [31m[1m[vite][22m[39m [31mhttp proxy error: /api/config[39m
AggregateError [ECONNREFUSED]: 
    at internalConnectMultiple (node:net:1134:18)
    at afterConnectMultiple (node:net:1715:7)
[2m5:01:09 am[22m [31m[1m[vite][22m[39m [31mhttp proxy error: /api/video/status[39m
AggregateError [ECONNREFUSED]: 
    at internalConnectMultiple (node:net:1134:18)
    at afterConnectMultiple (node:net:1715:7)
[2m5:01:10 am[22m [31m[1m[vite][22m[39m [31mhttp proxy error: /api/stream/status[39m
AggregateError [ECONNREFUSED]: 
    at internalConnectMultiple (node:net:1134:18)
    at afterConnectMultiple (node:net:1715:7)
[2m5:01:10 am[22m [31m[1m[vite][22m[39m [31mhttp proxy error: /api/webcam/status[39m
AggregateError [ECONNREFUSED]: 
    at internalConnectMultiple (node:net:1134:18)
    at afterConnectMultiple (node:net:1715:7)
[2m5:01:10 am[22m [31m[1m[vite][22m[39m [31mhttp proxy error: /api/config[39m
AggregateError [ECONNREFUSED]: 
    at internalConnectMultiple (node:net:1134:18)
    at afterConnectMultiple (node:net:1715:7)
[2m5:01:10 am[22m [31m[1m[vite][22m[39m [31mhttp proxy error: /api/video/status[39m
AggregateError [ECONNREFUSED]: 
    at internalConnectMultiple (node:net:1134:18)
    at afterConnectMultiple (node:net:1715:7)
[2m5:01:12 am[22m [31m[1m[vite][22m[39m [31mhttp proxy error: /api/stream/status[39m
AggregateError [ECONNREFUSED]: 
    at internalConnectMultiple (node:net:1134:18)
    at afterConnectMultiple (node:net:1715:7)
[2m5:01:12 am[22m [31m[1m[vite][22m[39m [31mhttp proxy error: /api/webcam/status[39m
AggregateError [ECONNREFUSED]: 
    at internalConnectMultiple (node:net:1134:18)
    at afterConnectMultiple (node:net:1715:7)
[2m5:01:12 am[22m [31m[1m[vite][22m[39m [31mhttp proxy error: /api/config[39m
AggregateError [ECONNREFUSED]: 
    at internalConnectMultiple (node:net:1134:18)
    at afterConnectMultiple (node:net:1715:7)
[2m5:01:12 am[22m [31m[1m[vite][22m[39m [31mhttp proxy error: /api/video/status[39m
AggregateError [ECONNREFUSED]: 
    at internalConnectMultiple (node:net:1134:18)
    at afterConnectMultiple (node:net:1715:7)
[2m5:01:13 am[22m [31m[1m[vite][22m[39m [31mhttp proxy error: /api/video/status[39m
AggregateError [ECONNREFUSED]: 
    at internalConnectMultiple (node:net:1134:18)
    at afterConnectMultiple (node:net:1715:7)
[2m5:01:14 am[22m [31m[1m[vite][22m[39m [31mhttp proxy error: /api/stream/status[39m
AggregateError [ECONNREFUSED]: 
    at internalConnectMultiple (node:net:1134:18)
    at afterConnectMultiple (node:net:1715:7)
[2m5:01:14 am[22m [31m[1m[vite][22m[39m [31mhttp proxy error: /api/webcam/status[39m
AggregateError [ECONNREFUSED]: 
    at internalConnectMultiple (node:net:1134:18)
    at afterConnectMultiple (node:net:1715:7)
[2m5:01:14 am[22m [31m[1m[vite][22m[39m [31mhttp proxy error: /api/config[39m
AggregateError [ECONNREFUSED]: 
    at internalConnectMultiple (node:net:1134:18)
    at afterConnectMultiple (node:net:1715:7)
[2m5:01:15 am[22m [31m[1m[vite][22m[39m [31mhttp proxy error: /api/video/status[39m
AggregateError [ECONNREFUSED]: 
    at internalConnectMultiple (node:net:1134:18)
    at afterConnectMultiple (node:net:1715:7)
[2m5:01:16 am[22m [31m[1m[vite][22m[39m [31mhttp proxy error: /api/stream/status[39m
AggregateError [ECONNREFUSED]: 
    at internalConnectMultiple (node:net:1134:18)
    at afterConnectMultiple (node:net:1715:7)
[2m5:01:16 am[22m [31m[1m[vite][22m[39m [31mhttp proxy error: /api/webcam/status[39m
AggregateError [ECONNREFUSED]: 
    at internalConnectMultiple (node:net:1134:18)
    at afterConnectMultiple (node:net:1715:7)
[2m5:01:16 am[22m [31m[1m[vite][22m[39m [31mhttp proxy error: /api/config[39m
AggregateError [ECONNREFUSED]: 
    at internalConnectMultiple (node:net:1134:18)
    at afterConnectMultiple (node:net:1715:7)
[2m5:01:17 am[22m [31m[1m[vite][22m[39m [31mhttp proxy error: /api/video/status[39m
AggregateError [ECONNREFUSED]: 
    at internalConnectMultiple (node:net:1134:18)
    at afterConnectMultiple (node:net:1715:7)
[2m5:01:18 am[22m [31m[1m[vite][22m[39m [31mhttp proxy error: /api/stream/status[39m
AggregateError [ECONNREFUSED]: 
    at internalConnectMultiple (node:net:1134:18)
    at afterConnectMultiple (node:net:1715:7)
[2m5:01:18 am[22m [31m[1m[vite][22m[39m [31mhttp proxy error: /api/webcam/status[39m
AggregateError [ECONNREFUSED]: 
    at internalConnectMultiple (node:net:1134:18)
    at afterConnectMultiple (node:net:1715:7)
[2m5:01:18 am[22m [31m[1m[vite][22m[39m [31mhttp proxy error: /api/config[39m
AggregateError [ECONNREFUSED]: 
    at internalConnectMultiple (node:net:1134:18)
    at afterConnectMultiple (node:net:1715:7)
[2m5:01:18 am[22m [31m[1m[vite][22m[39m [31mhttp proxy error: /api/video/status[39m
AggregateError [ECONNREFUSED]: 
    at internalConnectMultiple (node:net:1134:18)
    at afterConnectMultiple (node:net:1715:7)
[2m5:01:20 am[22m [31m[1m[vite][22m[39m [31mhttp proxy error: /api/video/status[39m
AggregateError [ECONNREFUSED]: 
    at internalConnectMultiple (node:net:1134:18)
    at afterConnectMultiple (node:net:1715:7)
[2m5:01:20 am[22m [31m[1m[vite][22m[39m [31mhttp proxy error: /api/stream/status[39m
AggregateError [ECONNREFUSED]: 
    at internalConnectMultiple (node:net:1134:18)
    at afterConnectMultiple (node:net:1715:7)
[2m5:01:20 am[22m [31m[1m[vite][22m[39m [31mhttp proxy error: /api/webcam/status[39m
AggregateError [ECONNREFUSED]: 
    at internalConnectMultiple (node:net:1134:18)
    at afterConnectMultiple (node:net:1715:7)
[2m5:01:20 am[22m [31m[1m[vite][22m[39m [31mhttp proxy error: /api/config[39m
AggregateError [ECONNREFUSED]: 
    at internalConnectMultiple (node:net:1134:18)
    at afterConnectMultiple (node:net:1715:7)
[2m5:01:21 am[22m [31m[1m[vite][22m[39m [31mhttp proxy error: /api/video/status[39m
AggregateError [ECONNREFUSED]: 
    at internalConnectMultiple (node:net:1134:18)
    at afterConnectMultiple (node:net:1715:7)
[2m5:01:22 am[22m [31m[1m[vite][22m[39m [31mhttp proxy error: /api/stream/status[39m
AggregateError [ECONNREFUSED]: 
    at internalConnectMultiple (node:net:1134:18)
    at afterConnectMultiple (node:net:1715:7)
[2m5:01:22 am[22m [31m[1m[vite][22m[39m [31mhttp proxy error: /api/webcam/status[39m
AggregateError [ECONNREFUSED]: 
    at internalConnectMultiple (node:net:1134:18)
    at afterConnectMultiple (node:net:1715:7)
[2m5:01:22 am[22m [31m[1m[vite][22m[39m [31mhttp proxy error: /api/config[39m
AggregateError [ECONNREFUSED]: 
    at internalConnectMultiple (node:net:1134:18)
    at afterConnectMultiple (node:net:1715:7)
[2m5:01:23 am[22m [31m[1m[vite][22m[39m [31mhttp proxy error: /api/video/status[39m
AggregateError [ECONNREFUSED]: 
    at internalConnectMultiple (node:net:1134:18)
    at afterConnectMultiple (node:net:1715:7)
[2m5:01:24 am[22m [31m[1m[vite][22m[39m [31mhttp proxy error: /api/stream/status[39m
AggregateError [ECONNREFUSED]: 
    at internalConnectMultiple (node:net:1134:18)
    at afterConnectMultiple (node:net:1715:7)
[2m5:01:24 am[22m [31m[1m[vite][22m[39m [31mhttp proxy error: /api/webcam/status[39m
AggregateError [ECONNREFUSED]: 
    at internalConnectMultiple (node:net:1134:18)
    at afterConnectMultiple (node:net:1715:7)
[2m5:01:24 am[22m [31m[1m[vite][22m[39m [31mhttp proxy error: /api/config[39m
AggregateError [ECONNREFUSED]: 
    at internalConnectMultiple (node:net:1134:18)
    at afterConnectMultiple (node:net:1715:7)
[2m5:01:24 am[22m [31m[1m[vite][22m[39m [31mhttp proxy error: /api/video/status[39m
AggregateError [ECONNREFUSED]: 
    at internalConnectMultiple (node:net:1134:18)
    at afterConnectMultiple (node:net:1715:7)
[2m5:01:26 am[22m [31m[1m[vite][22m[39m [31mhttp proxy error: /api/video/status[39m
AggregateError [ECONNREFUSED]: 
    at internalConnectMultiple (node:net:1134:18)
    at afterConnectMultiple (node:net:1715:7)
[2m5:01:26 am[22m [31m[1m[vite][22m[39m [31mhttp proxy error: /api/stream/status[39m
AggregateError [ECONNREFUSED]: 
    at internalConnectMultiple (node:net:1134:18)
    at afterConnectMultiple (node:net:1715:7)
[2m5:01:26 am[22m [31m[1m[vite][22m[39m [31mhttp proxy error: /api/webcam/status[39m
AggregateError [ECONNREFUSED]: 
    at internalConnectMultiple (node:net:1134:18)
    at afterConnectMultiple (node:net:1715:7)
[2m5:01:26 am[22m [31m[1m[vite][22m[39m [31mhttp proxy error: /api/config[39m
AggregateError [ECONNREFUSED]: 
    at internalConnectMultiple (node:net:1134:18)
    at afterConnectMultiple (node:net:1715:7)
[2m5:01:27 am[22m [31m[1m[vite][22m[39m [31mhttp proxy error: /api/video/status[39m
AggregateError [ECONNREFUSED]: 
    at internalConnectMultiple (node:net:1134:18)
    at afterConnectMultiple (node:net:1715:7)
[2m5:01:28 am[22m [31m[1m[vite][22m[39m [31mhttp proxy error: /api/stream/status[39m
AggregateError [ECONNREFUSED]: 
    at internalConnectMultiple (node:net:1134:18)
    at afterConnectMultiple (node:net:1715:7)
[2m5:01:28 am[22m [31m[1m[vite][22m[39m [31mhttp proxy error: /api/config[39m
AggregateError [ECONNREFUSED]: 
    at internalConnectMultiple (node:net:1134:18)
    at afterConnectMultiple (node:net:1715:7)
[2m5:01:28 am[22m [31m[1m[vite][22m[39m [31mhttp proxy error: /api/webcam/status[39m
AggregateError [ECONNREFUSED]: 
    at internalConnectMultiple (node:net:1134:18)
    at afterConnectMultiple (node:net:1715:7)
[2m5:01:29 am[22m [31m[1m[vite][22m[39m [31mhttp proxy error: /api/video/status[39m
AggregateError [ECONNREFUSED]: 
    at internalConnectMultiple (node:net:1134:18)
    at afterConnectMultiple (node:net:1715:7)
[2m5:01:30 am[22m [31m[1m[vite][22m[39m [31mhttp proxy error: /api/stream/status[39m
AggregateError [ECONNREFUSED]: 
    at internalConnectMultiple (node:net:1134:18)
    at afterConnectMultiple (node:net:1715:7)
[2m5:01:30 am[22m [31m[1m[vite][22m[39m [31mhttp proxy error: /api/webcam/status[39m
AggregateError [ECONNREFUSED]: 
    at internalConnectMultiple (node:net:1134:18)
    at afterConnectMultiple (node:net:1715:7)
[2m5:01:30 am[22m [31m[1m[vite][22m[39m [31mhttp proxy error: /api/config[39m
AggregateError [ECONNREFUSED]: 
    at internalConnectMultiple (node:net:1134:18)
    at afterConnectMultiple (node:net:1715:7)
[2m5:01:30 am[22m [31m[1m[vite][22m[39m [31mhttp proxy error: /api/video/status[39m
AggregateError [ECONNREFUSED]: 
    at internalConnectMultiple (node:net:1134:18)
    at afterConnectMultiple (node:net:1715:7)
[2m5:11:15 am[22m [31m[1m[vite][22m[39m [31mhttp proxy error: /api/video/upload[39m
Error: write ECONNRESET
    at afterWriteDispatched (node:internal/stream_base_commons:159:15)
    at writeGeneric (node:internal/stream_base_commons:150:3)
    at Socket._writeGeneric (node:net:966:11)
    at Socket._write (node:net:978:8)
    at doWrite (node:internal/streams/writable:598:12)
    at clearBuffer (node:internal/streams/writable:783:7)
    at Writable.uncork (node:internal/streams/writable:531:7)
    at connectionCorkNT (node:_http_outgoing:1034:8)
    at process.processTicksAndRejections (node:internal/process/task_queues:88:21)
